Microchip MPLAB XC8 Compiler V1.42 ()

Linker command line:

-W-3 --edf=C:\Program Files (x86)\Microchip\xc8\v1.42\dat\en_msgs.txt -cs \
  -h+dist/default/production\Devboard4-Demo1.X.production.sym \
  --cmf=dist/default/production\Devboard4-Demo1.X.production.cmf -z \
  -Q16F887 -oC:\Users\Dave\AppData\Local\Temp\s22g.2 \
  -Mdist/default/production/Devboard4-Demo1.X.production.map -E1 -ver=XC8 \
  -ASTACK=0110h-016fh -pstack=STACK -ACODE=00h-07FFhx4 -ASTRCODE=00h-01FFFh \
  -ASTRING=00h-0FFhx32 -ACONST=00h-0FFhx32 -AENTRY=00h-0FFhx32 \
  -ACOMMON=070h-07Fh -ABANK0=020h-06Fh -ABANK1=0A0h-0EFh \
  -ABANK2=0110h-016Fh -ABANK3=0190h-01EFh \
  -ARAM=020h-06Fh,0A0h-0EFh,0110h-016Fh,0190h-01EFh \
  -AABS1=020h-07Fh,0A0h-0EFh,0110h-016Fh,0190h-01EFh -ASFR0=00h-01Fh \
  -ASFR1=080h-09Fh -ASFR2=0100h-010Fh -ASFR3=0180h-018Fh \
  -preset_vec=00h,intentry=04h,init,end_init -ppowerup=CODE -pcinit=CODE \
  -pfunctab=CODE -ACONFIG=02007h-02008h -pconfig=CONFIG -DCONFIG=2 \
  -AIDLOC=02000h-02003h -pidloc=IDLOC -DIDLOC=2 -AEEDATA=00h-0FFh/02100h \
  -peeprom_data=EEDATA -DEEDATA=2 -DCODE=2 -DSTRCODE=2 -DSTRING=2 -DCONST=2 \
  -DENTRY=2 -k C:\Users\Dave\AppData\Local\Temp\s22g.obj \
  dist/default/production\Devboard4-Demo1.X.production.obj 

Object code version is 3.11

Machine type is 16F887



                Name                               Link     Load   Length Selector   Space Scale
C:\Users\Dave\AppData\Local\Temp\s22g.obj
                end_init                             12       12        3        8       0
                reset_vec                             0        0        3        0       0
                config                             2007     2007        1     400E       0
dist/default/production\Devboard4-Demo1.X.production.obj
                cinit                                15       15        7        8       0
                intentry                              4        4        E        8       0
                text19                              516      516       20      700       0
                text18                              573      573        C      700       0
                text17                              55F      55F       14      700       0
                text16                              57F      57F        B      700       0
                text15                              4D4      4D4       22      700       0
                text14                              4F6      4F6       20      700       0
                text13                              59E      59E        8      700       0
                text12                              420      420       35      700       0
                text11                              489      489       27      700       0
                text10                              594      594        A      700       0
                text9                               536      536       15      700       0
                text8                               4B0      4B0       24      700       0
                text7                               3E2      3E2       3E      700       0
                text6                               455      455       34      700       0
                text5                                1C       1C      105        8       0
                text4                               121      121       D4        8       0
                text3                               58A      58A        A      700       0
                text2                               54B      54B       14      700       0
                text1                               380      380       62      700       0
                maintext                            1F5      1F5       9F        8       0
                cstackBANK0                          20       20       23       20       1
                cstackCOMMON                         70       70        B       70       1
                cstackBANK1                          A0       A0       37       A0       1
                bssBANK0                             43       43        3       20       1
                nvBANK0                              46       46        1       20       1
                strings                             300      300       80      600       0

TOTAL           Name                               Link     Load   Length     Space
        CLASS   STACK          

        CLASS   CODE           
                end_init                             12       12        3         0
                cinit                                15       15        7         0
                intentry                              4        4        E         0
                reset_vec                             0        0        3         0
                text19                              516      516       20         0
                text18                              573      573        C         0
                text17                              55F      55F       14         0
                text16                              57F      57F        B         0
                text15                              4D4      4D4       22         0
                text14                              4F6      4F6       20         0
                text13                              59E      59E        8         0
                text12                              420      420       35         0
                text11                              489      489       27         0
                text10                              594      594        A         0
                text9                               536      536       15         0
                text8                               4B0      4B0       24         0
                text7                               3E2      3E2       3E         0
                text6                               455      455       34         0
                text5                                1C       1C      105         0
                text4                               121      121       D4         0
                text3                               58A      58A        A         0
                text2                               54B      54B       14         0
                text1                               380      380       62         0
                maintext                            1F5      1F5       9F         0

        CLASS   STRCODE        

        CLASS   STRING         
                strings                             300      300       80         0

        CLASS   CONST          

        CLASS   ENTRY          

        CLASS   COMMON         
                cstackCOMMON                         70       70        B         1

        CLASS   BANK0          
                cstackBANK0                          20       20       23         1
                bssBANK0                             43       43        3         1
                nvBANK0                              46       46        1         1

        CLASS   BANK1          
                cstackBANK1                          A0       A0       37         1

        CLASS   BANK2          

        CLASS   BANK3          

        CLASS   RAM            

        CLASS   ABS1           
                abs_s1                               7E       7E        2         1

        CLASS   SFR0           

        CLASS   SFR1           

        CLASS   SFR2           

        CLASS   SFR3           

        CLASS   CONFIG         
                config                             2007     2007        1         0

        CLASS   IDLOC          

        CLASS   EEDATA         



SEGMENTS        Name                           Load    Length   Top    Selector   Space  Class     Delta

                reset_vec                      000000  000003  000003         0       0  CODE        2
                intentry                       000004  000290  000294         8       0  CODE        2
                cstackBANK0                    000020  000027  000047        20       1  BANK0       1
                cstackCOMMON                   000070  00000B  00007B        70       1  COMMON      1
                cstackBANK1                    0000A0  000037  0000D7        A0       1  BANK1       1
                strings                        000300  000080  000380       600       0  STRING      2
                text1                          000380  000226  0005A6       700       0  CODE        2
                config                         002007  000001  002008      400E       0  CONFIG      2


UNUSED ADDRESS RANGES

        Name                Unused          Largest block    Delta
        BANK0            0047-006F             29           1
        BANK1            00D7-00EF             19           1
        BANK2            0110-016F             60           1
        BANK3            0190-01EF             60           1
        CODE             0003-0003              1           2
                         0294-02FF             6C
                         05A6-1FFF            800
        COMMON           007B-007D              3           1
        CONFIG           2008-2008              1           2
        CONST            0003-0003              1           2
                         0294-02FF             6C
                         05A6-1FFF            100
        EEDATA           2100-21FF            100           2
        ENTRY            0003-0003              1           2
                         0294-02FF             6C
                         05A6-1FFF            100
        IDLOC            2000-2003              4           2
        RAM              0047-006F             29           1
                         00D7-00EF             19
                         0110-016F             60
                         0190-01EF             60
        SFR0             0000-001F             20           1
        SFR1             0080-009F             20           1
        SFR2             0100-010F             10           1
        SFR3             0180-018F             10           1
        STACK            0110-016F             60           1
        STRCODE          0003-0003              1           2
                         0294-02FF             6C
                         05A6-1FFF           1A5A
        STRING           0003-0003              1           2
                         0294-02FF             6C
                         05A6-1FFF            100

                                  Symbol Table

?___lwdiv                      cstackBANK0  0020
?___lwmod                      cstackBANK0  0028
?_printf                       cstackBANK0  002E
CommandProcessor@ch            cstackBANK1  00D2
CommandProcessor@channelNumber cstackBANK1  00D6
CommandProcessor@cmd           cstackBANK1  00D3
CommandProcessor@lineNumber    cstackBANK1  00D5
CommandProcessor@message       cstackBANK1  00A0
CommandProcessor@relayState    cstackBANK1  00D4
_ADCON0                        (abs)        001F
_ADCON1                        (abs)        009F
_ADON                          (abs)        00F8
_ADRESH                        (abs)        001E
_ANSEL                         (abs)        0188
_ANSELH                        (abs)        0189
_BRG16                         (abs)        0C3B
_CommandProcessor              text4        0121
_GO_DONE                       (abs)        00F9
_INTCONbits                    (abs)        000B
_OPTION_REG                    (abs)        0081
_PORTB                         (abs)        0006
_RA2                           (abs)        002A
_RA3                           (abs)        002B
_RA4                           (abs)        002C
_RA7                           (abs)        002F
_RB0                           (abs)        0030
_RB1                           (abs)        0031
_RCIE                          (abs)        0465
_RCIF                          (abs)        0065
_RCREG                         (abs)        001A
_RCSTA                         (abs)        0018
_SPBRG                         (abs)        0099
_SPBRGH                        (abs)        009A
_Serial_Int                    text18       0573
_T0CS                          (abs)        040D
_T0IE                          (abs)        005D
_T0IF                          (abs)        005A
_TMR1                          (abs)        000E
_TMR1IF                        (abs)        0060
_TMR1ON                        (abs)        0080
_TRISA                         (abs)        0085
_TRISB                         (abs)        0086
_TRISC6                        (abs)        043E
_TRISC7                        (abs)        043F
_TXIF                          (abs)        0064
_TXREG                         (abs)        0019
_TXSTA                         (abs)        0098
_Timer0_Int                    text16       057F
__CFG_BOREN$OFF                (abs)        0000
__CFG_FCMEN$OFF                (abs)        0000
__CFG_FOSC$INTRC_NOCLKOUT      (abs)        0000
__CFG_IESO$OFF                 (abs)        0000
__CFG_LVP$OFF                  (abs)        0000
__CFG_WDTE$OFF                 (abs)        0000
__Habs1                        abs1         0000
__Hbank0                       bank0        0000
__Hbank1                       bank1        0000
__Hbank2                       bank2        0000
__Hbank3                       bank3        0000
__HbssBANK0                    bssBANK0     0000
__Hcinit                       cinit        001C
__Hclrtext                     clrtext      0000
__Hcode                        code         0000
__Hcommon                      common       0000
__Hconfig                      config       2008
__HcstackBANK0                 cstackBANK0  0000
__HcstackBANK1                 cstackBANK1  0000
__HcstackCOMMON                cstackCOMMON 0000
__Heeprom_data                 eeprom_data  0000
__Hend_init                    end_init     0015
__Hfunctab                     functab      0000
__Hidloc                       idloc        0000
__Hinit                        init         0012
__Hintentry                    intentry     0012
__Hmaintext                    maintext     0000
__HnvBANK0                     nvBANK0      0000
__Hpowerup                     powerup      0000
__Hram                         ram          0000
__Hreset_vec                   reset_vec    0003
__Hsfr0                        sfr0         0000
__Hsfr1                        sfr1         0000
__Hsfr2                        sfr2         0000
__Hsfr3                        sfr3         0000
__Hspace_0                     (abs)        2008
__Hspace_1                     (abs)        00D7
__Hspace_2                     (abs)        0000
__Hspace_3                     (abs)        0000
__Hstack                       stack        0000
__Hstrings                     strings      0000
__Htext                        text         0000
__Labs1                        abs1         0000
__Lbank0                       bank0        0000
__Lbank1                       bank1        0000
__Lbank2                       bank2        0000
__Lbank3                       bank3        0000
__LbssBANK0                    bssBANK0     0000
__Lcinit                       cinit        0015
__Lclrtext                     clrtext      0000
__Lcode                        code         0000
__Lcommon                      common       0000
__Lconfig                      config       2007
__LcstackBANK0                 cstackBANK0  0000
__LcstackBANK1                 cstackBANK1  0000
__LcstackCOMMON                cstackCOMMON 0000
__Leeprom_data                 eeprom_data  0000
__Lend_init                    end_init     0012
__Lfunctab                     functab      0000
__Lidloc                       idloc        0000
__Linit                        init         0012
__Lintentry                    intentry     0004
__Lmaintext                    maintext     0000
__LnvBANK0                     nvBANK0      0000
__Lpowerup                     powerup      0000
__Lram                         ram          0000
__Lreset_vec                   reset_vec    0000
__Lsfr0                        sfr0         0000
__Lsfr1                        sfr1         0000
__Lsfr2                        sfr2         0000
__Lsfr3                        sfr3         0000
__Lspace_0                     (abs)        0000
__Lspace_1                     (abs)        0000
__Lspace_2                     (abs)        0000
__Lspace_3                     (abs)        0000
__Lstack                       stack        0000
__Lstrings                     strings      0000
__Ltext                        text         0000
__S0                           (abs)        2008
__S1                           (abs)        00D7
__S2                           (abs)        0000
__S3                           (abs)        0000
___int_sp                      stack        0000
___latbits                     (abs)        0002
___lwdiv                       text7        03E2
___lwdiv@counter               cstackBANK0  0027
___lwdiv@dividend              cstackBANK0  0022
___lwdiv@divisor               cstackBANK0  0020
___lwdiv@quotient              cstackBANK0  0025
___lwmod                       text6        0455
___lwmod@counter               cstackBANK0  002D
___lwmod@dividend              cstackBANK0  002A
___lwmod@divisor               cstackBANK0  0028
___sp                          stack        0000
__end_of_CommandProcessor      text4        01F5
__end_of_Serial_Int            text18       057F
__end_of_Timer0_Int            text16       058A
__end_of___lwdiv               text7        0420
__end_of___lwmod               text6        0489
__end_of__initialization       cinit        0018
__end_of__stringtab            strings      0310
__end_of_adc_read              text17       0573
__end_of_dpowers               strings      031A
__end_of_getch                 text14       0516
__end_of_getstr                text12       0455
__end_of_init_adc              text3        0594
__end_of_interruptHandler      text15       04F6
__end_of_lcd_clear             text2        055F
__end_of_lcd_goto              text10       059E
__end_of_lcd_gotoxy            text9        054B
__end_of_lcd_init              text1        03E2
__end_of_lcd_puts              text8        04D4
__end_of_lcd_write             text11       04B0
__end_of_main                  maintext     0294
__end_of_printf                text5        0121
__end_of_putch                 text13       05A6
__end_ofi1_getch               text19       0536
__initialization               cinit        0015
__pbssBANK0                    bssBANK0     0043
__pcstackBANK0                 cstackBANK0  0020
__pcstackBANK1                 cstackBANK1  00A0
__pcstackCOMMON                cstackCOMMON 0070
__pintentry                    intentry     0004
__pmaintext                    maintext     01F5
__pnvBANK0                     nvBANK0      0046
__pstrings                     strings      0300
__ptext1                       text1        0380
__ptext10                      text10       0594
__ptext11                      text11       0489
__ptext12                      text12       0420
__ptext13                      text13       059E
__ptext14                      text14       04F6
__ptext15                      text15       04D4
__ptext16                      text16       057F
__ptext17                      text17       055F
__ptext18                      text18       0573
__ptext19                      text19       0516
__ptext2                       text2        054B
__ptext3                       text3        058A
__ptext4                       text4        0121
__ptext5                       text5        001C
__ptext6                       text6        0455
__ptext7                       text7        03E2
__ptext8                       text8        04B0
__ptext9                       text9        0536
__size_of_CommandProcessor     (abs)        0000
__size_of_Serial_Int           (abs)        0000
__size_of_Timer0_Int           (abs)        0000
__size_of___lwdiv              (abs)        0000
__size_of___lwmod              (abs)        0000
__size_of_adc_read             (abs)        0000
__size_of_getch                (abs)        0000
__size_of_getstr               (abs)        0000
__size_of_init_adc             (abs)        0000
__size_of_interruptHandler     (abs)        0000
__size_of_lcd_clear            (abs)        0000
__size_of_lcd_goto             (abs)        0000
__size_of_lcd_gotoxy           (abs)        0000
__size_of_lcd_init             (abs)        0000
__size_of_lcd_puts             (abs)        0000
__size_of_lcd_write            (abs)        0000
__size_of_main                 (abs)        0000
__size_of_printf               (abs)        0000
__size_of_putch                (abs)        0000
__size_ofi1_getch              (abs)        0000
__stringbase                   strings      030F
__stringtab                    strings      0300
_adc_read                      text17       055F
_command                       bssBANK0     0045
_commandReceived               bssBANK0     0044
_dpowers                       strings      0310
_getch                         text14       04F6
_getch$161                     cstackBANK0  0022
_getstr                        text12       0420
_init_adc                      text3        058A
_interruptHandler              text15       04D4
_lcd_clear                     text2        054B
_lcd_goto                      text10       0594
_lcd_gotoxy                    text9        0536
_lcd_init                      text1        0380
_lcd_puts                      text8        04B0
_lcd_write                     text11       0489
_main                          maintext     01F5
_portContents                  nvBANK0      0046
_printf                        text5        001C
_putch                         text13       059E
_reading                       bssBANK0     0043
adc_read@channel               cstackCOMMON 0071
btemp                          (abs)        007E
end_of_initialization          cinit        0018
getch@returnCode               cstackBANK0  0024
getch@timedout                 cstackBANK0  0025
getstr@c                       cstackBANK0  0027
getstr@s                       cstackBANK0  0028
i1_getch                       text19       0516
i1_getch$161                   cstackCOMMON 0072
i1getch@returnCode             cstackCOMMON 0074
i1getch@timedout               cstackCOMMON 0075
interrupt_function             intentry     0004
intlevel0                      functab      0000
intlevel1                      functab      0000
intlevel2                      functab      0000
intlevel3                      functab      0000
intlevel4                      functab      0000
intlevel5                      functab      0000
lcd_goto@pos                   cstackBANK0  0022
lcd_gotoxy@address             cstackBANK0  0027
lcd_gotoxy@x                   cstackBANK0  0026
lcd_gotoxy@y                   cstackBANK0  0023
lcd_init@init_value            cstackBANK0  0026
lcd_puts@s                     cstackBANK0  0022
lcd_write@c                    cstackBANK0  0021
main@vr1                       cstackBANK0  0042
printf@ap                      cstackBANK0  003C
printf@c                       cstackBANK0  003D
printf@cp                      cstackBANK0  0039
printf@f                       cstackBANK0  003B
printf@flag                    cstackBANK0  0035
printf@prec                    cstackBANK0  0038
printf@val                     cstackBANK0  0036
putch@byte                     cstackBANK0  0020
reset_vec                      reset_vec    0000
saved_w                        (abs)        007E
stackhi                        (abs)        0000
stacklo                        (abs)        0000
start                          init         0012
start_initialization           cinit        0015
wtemp0                         (abs)        007E


FUNCTION INFORMATION:

 *************** function _main *****************
 Defined at:
		line 54 in file "main.c"
 Parameters:    Size  Location     Type
		None
 Auto vars:     Size  Location     Type
  vr1             1   34[BANK0 ] unsigned char 
 Return value:  Size  Location     Type
                  1    wreg      void 
 Registers used:
		wreg, fsr0l, fsr0h, status,2, status,0, btemp+1, pclath, cstack
 Tracked objects:
		On entry : 
		On exit  : 
		Unchanged: 
 Data sizes:     COMMON   BANK0   BANK1   BANK3   BANK2
      Params:         0       0       0       0       0
      Locals:         0       1       0       0       0
      Temps:          0       2       0       0       0
      Totals:         0       3       0       0       0
Total ram usage:        3 bytes
 Hardware stack levels required when called:    7
 This function calls:
		_CommandProcessor
		_init_adc
		_lcd_goto
		_lcd_gotoxy
		_lcd_init
		_lcd_puts
		_printf
 This function is called by:
		Startup code after reset
 This function uses a non-reentrant model


 *************** function _lcd_init *****************
 Defined at:
		line 96 in file "lcd.c"
 Parameters:    Size  Location     Type
		None
 Auto vars:     Size  Location     Type
  init_value      1    6[BANK0 ] unsigned char 
 Return value:  Size  Location     Type
                  1    wreg      void 
 Registers used:
		wreg, status,2, status,0, pclath, cstack
 Tracked objects:
		On entry : 
		On exit  : 
		Unchanged: 
 Data sizes:     COMMON   BANK0   BANK1   BANK3   BANK2
      Params:         0       0       0       0       0
      Locals:         0       1       0       0       0
      Temps:          0       2       0       0       0
      Totals:         0       3       0       0       0
Total ram usage:        3 bytes
 Hardware stack levels used:    1
 Hardware stack levels required when called:    5
 This function calls:
		_lcd_clear
		_lcd_write
 This function is called by:
		_main
 This function uses a non-reentrant model


 *************** function _lcd_clear *****************
 Defined at:
		line 51 in file "lcd.c"
 Parameters:    Size  Location     Type
		None
 Auto vars:     Size  Location     Type
		None
 Return value:  Size  Location     Type
                  1    wreg      void 
 Registers used:
		wreg, status,2, status,0, pclath, cstack
 Tracked objects:
		On entry : 
		On exit  : 
		Unchanged: 
 Data sizes:     COMMON   BANK0   BANK1   BANK3   BANK2
      Params:         0       0       0       0       0
      Locals:         0       0       0       0       0
      Temps:          0       2       0       0       0
      Totals:         0       2       0       0       0
Total ram usage:        2 bytes
 Hardware stack levels used:    1
 Hardware stack levels required when called:    4
 This function calls:
		_lcd_write
 This function is called by:
		_lcd_init
 This function uses a non-reentrant model


 *************** function _init_adc *****************
 Defined at:
		line 29 in file "adc.c"
 Parameters:    Size  Location     Type
		None
 Auto vars:     Size  Location     Type
		None
 Return value:  Size  Location     Type
                  1    wreg      void 
 Registers used:
		status,2
 Tracked objects:
		On entry : 
		On exit  : 
		Unchanged: 
 Data sizes:     COMMON   BANK0   BANK1   BANK3   BANK2
      Params:         0       0       0       0       0
      Locals:         0       0       0       0       0
      Temps:          0       0       0       0       0
      Totals:         0       0       0       0       0
Total ram usage:        0 bytes
 Hardware stack levels used:    1
 Hardware stack levels required when called:    3
 This function calls:
		Nothing
 This function is called by:
		_main
 This function uses a non-reentrant model


 *************** function _CommandProcessor *****************
 Defined at:
		line 12 in file "commands.c"
 Parameters:    Size  Location     Type
  ch              1    wreg     unsigned char 
 Auto vars:     Size  Location     Type
  ch              1   50[BANK1 ] unsigned char 
  message        50    0[BANK1 ] unsigned char [50]
  lineNumber      1   53[BANK1 ] unsigned char 
  channelNumbe    1   54[BANK1 ] unsigned char 
  relayState      1   52[BANK1 ] unsigned char 
  cmd             1   51[BANK1 ] unsigned char 
 Return value:  Size  Location     Type
                  1    wreg      void 
 Registers used:
		wreg, fsr0l, fsr0h, status,2, status,0, btemp+1, pclath, cstack
 Tracked objects:
		On entry : 
		On exit  : 
		Unchanged: 
 Data sizes:     COMMON   BANK0   BANK1   BANK3   BANK2
      Params:         0       0       0       0       0
      Locals:         0       0      55       0       0
      Temps:          0       2       0       0       0
      Totals:         0       2      55       0       0
Total ram usage:       57 bytes
 Hardware stack levels used:    1
 Hardware stack levels required when called:    6
 This function calls:
		_getch
		_getstr
		_lcd_gotoxy
		_lcd_puts
		_printf
 This function is called by:
		_main
 This function uses a non-reentrant model


 *************** function _printf *****************
 Defined at:
		line 464 in file "C:\Program Files (x86)\Microchip\xc8\v1.42\sources\common\doprnt.c"
 Parameters:    Size  Location     Type
  f               1    wreg     PTR const unsigned char 
		 -> STR_7(12), STR_6(9), STR_5(7), STR_4(5), 
		 -> STR_3(23), 
 Auto vars:     Size  Location     Type
  f               1   27[BANK0 ] PTR const unsigned char 
		 -> STR_7(12), STR_6(9), STR_5(7), STR_4(5), 
		 -> STR_3(23), 
  tmpval          4    0        struct .
  cp              2   25[BANK0 ] PTR const unsigned char 
		 -> STR_9(7), CommandProcessor@message(50), 
  val             2   22[BANK0 ] unsigned int 
  len             2    0        unsigned int 
  c               1   29[BANK0 ] char 
  ap              1   28[BANK0 ] PTR void [1]
		 -> ?_printf(2), 
  prec            1   24[BANK0 ] char 
  flag            1   21[BANK0 ] unsigned char 
 Return value:  Size  Location     Type
                  2   14[BANK0 ] int 
 Registers used:
		wreg, fsr0l, fsr0h, status,2, status,0, btemp+1, pclath, cstack
 Tracked objects:
		On entry : 
		On exit  : 
		Unchanged: 
 Data sizes:     COMMON   BANK0   BANK1   BANK3   BANK2
      Params:         0       4       0       0       0
      Locals:         0       9       0       0       0
      Temps:          0       3       0       0       0
      Totals:         0      16       0       0       0
Total ram usage:       16 bytes
 Hardware stack levels used:    1
 Hardware stack levels required when called:    4
 This function calls:
		___lwdiv
		___lwmod
		_putch
 This function is called by:
		_main
		_CommandProcessor
 This function uses a non-reentrant model


 *************** function ___lwmod *****************
 Defined at:
		line 6 in file "C:\Program Files (x86)\Microchip\xc8\v1.42\sources\common\lwmod.c"
 Parameters:    Size  Location     Type
  divisor         2    8[BANK0 ] unsigned int 
  dividend        2   10[BANK0 ] unsigned int 
 Auto vars:     Size  Location     Type
  counter         1   13[BANK0 ] unsigned char 
 Return value:  Size  Location     Type
                  2    8[BANK0 ] unsigned int 
 Registers used:
		wreg, status,2, status,0
 Tracked objects:
		On entry : 
		On exit  : 
		Unchanged: 
 Data sizes:     COMMON   BANK0   BANK1   BANK3   BANK2
      Params:         0       4       0       0       0
      Locals:         0       1       0       0       0
      Temps:          0       1       0       0       0
      Totals:         0       6       0       0       0
Total ram usage:        6 bytes
 Hardware stack levels used:    1
 Hardware stack levels required when called:    3
 This function calls:
		Nothing
 This function is called by:
		_printf
 This function uses a non-reentrant model


 *************** function ___lwdiv *****************
 Defined at:
		line 6 in file "C:\Program Files (x86)\Microchip\xc8\v1.42\sources\common\lwdiv.c"
 Parameters:    Size  Location     Type
  divisor         2    0[BANK0 ] unsigned int 
  dividend        2    2[BANK0 ] unsigned int 
 Auto vars:     Size  Location     Type
  quotient        2    5[BANK0 ] unsigned int 
  counter         1    7[BANK0 ] unsigned char 
 Return value:  Size  Location     Type
                  2    0[BANK0 ] unsigned int 
 Registers used:
		wreg, status,2, status,0
 Tracked objects:
		On entry : 
		On exit  : 
		Unchanged: 
 Data sizes:     COMMON   BANK0   BANK1   BANK3   BANK2
      Params:         0       4       0       0       0
      Locals:         0       3       0       0       0
      Temps:          0       1       0       0       0
      Totals:         0       8       0       0       0
Total ram usage:        8 bytes
 Hardware stack levels used:    1
 Hardware stack levels required when called:    3
 This function calls:
		Nothing
 This function is called by:
		_printf
 This function uses a non-reentrant model


 *************** function _lcd_puts *****************
 Defined at:
		line 59 in file "lcd.c"
 Parameters:    Size  Location     Type
  s               2    2[BANK0 ] PTR const unsigned char 
		 -> STR_8(17), CommandProcessor@message(50), STR_2(9), STR_1(13), 
 Auto vars:     Size  Location     Type
		None
 Return value:  Size  Location     Type
                  1    wreg      void 
 Registers used:
		wreg, fsr0l, fsr0h, status,2, status,0, btemp+1, pclath, cstack
 Tracked objects:
		On entry : 
		On exit  : 
		Unchanged: 
 Data sizes:     COMMON   BANK0   BANK1   BANK3   BANK2
      Params:         0       2       0       0       0
      Locals:         0       0       0       0       0
      Temps:          0       0       0       0       0
      Totals:         0       2       0       0       0
Total ram usage:        2 bytes
 Hardware stack levels used:    1
 Hardware stack levels required when called:    4
 This function calls:
		_lcd_write
 This function is called by:
		_main
		_CommandProcessor
 This function uses a non-reentrant model


 *************** function _lcd_gotoxy *****************
 Defined at:
		line 86 in file "lcd.c"
 Parameters:    Size  Location     Type
  x               1    wreg     unsigned char 
  y               1    3[BANK0 ] unsigned char 
 Auto vars:     Size  Location     Type
  x               1    6[BANK0 ] unsigned char 
  address         1    7[BANK0 ] unsigned char 
 Return value:  Size  Location     Type
                  1    wreg      void 
 Registers used:
		wreg, status,2, status,0, pclath, cstack
 Tracked objects:
		On entry : 
		On exit  : 
		Unchanged: 
 Data sizes:     COMMON   BANK0   BANK1   BANK3   BANK2
      Params:         0       1       0       0       0
      Locals:         0       2       0       0       0
      Temps:          0       2       0       0       0
      Totals:         0       5       0       0       0
Total ram usage:        5 bytes
 Hardware stack levels used:    1
 Hardware stack levels required when called:    5
 This function calls:
		_lcd_goto
 This function is called by:
		_main
		_CommandProcessor
 This function uses a non-reentrant model


 *************** function _lcd_goto *****************
 Defined at:
		line 78 in file "lcd.c"
 Parameters:    Size  Location     Type
  pos             1    wreg     unsigned char 
 Auto vars:     Size  Location     Type
  pos             1    2[BANK0 ] unsigned char 
 Return value:  Size  Location     Type
                  1    wreg      void 
 Registers used:
		wreg, status,2, status,0, pclath, cstack
 Tracked objects:
		On entry : 
		On exit  : 
		Unchanged: 
 Data sizes:     COMMON   BANK0   BANK1   BANK3   BANK2
      Params:         0       0       0       0       0
      Locals:         0       1       0       0       0
      Temps:          0       0       0       0       0
      Totals:         0       1       0       0       0
Total ram usage:        1 bytes
 Hardware stack levels used:    1
 Hardware stack levels required when called:    4
 This function calls:
		_lcd_write
 This function is called by:
		_main
		_lcd_gotoxy
 This function uses a non-reentrant model


 *************** function _lcd_write *****************
 Defined at:
		line 38 in file "lcd.c"
 Parameters:    Size  Location     Type
  c               1    wreg     unsigned char 
 Auto vars:     Size  Location     Type
  c               1    1[BANK0 ] unsigned char 
 Return value:  Size  Location     Type
                  1    wreg      void 
 Registers used:
		wreg, status,2, status,0
 Tracked objects:
		On entry : 
		On exit  : 
		Unchanged: 
 Data sizes:     COMMON   BANK0   BANK1   BANK3   BANK2
      Params:         0       0       0       0       0
      Locals:         0       1       0       0       0
      Temps:          0       1       0       0       0
      Totals:         0       2       0       0       0
Total ram usage:        2 bytes
 Hardware stack levels used:    1
 Hardware stack levels required when called:    3
 This function calls:
		Nothing
 This function is called by:
		_lcd_clear
		_lcd_puts
		_lcd_goto
		_lcd_init
		_lcd_putch
 This function uses a non-reentrant model


 *************** function _getstr *****************
 Defined at:
		line 61 in file "usart.c"
 Parameters:    Size  Location     Type
  s               1    wreg     PTR unsigned char 
		 -> CommandProcessor@message(50), 
 Auto vars:     Size  Location     Type
  s               1    8[BANK0 ] PTR unsigned char 
		 -> CommandProcessor@message(50), 
  c               1    7[BANK0 ] unsigned char 
 Return value:  Size  Location     Type
                  1    wreg      void 
 Registers used:
		wreg, fsr0l, fsr0h, status,2, status,0, pclath, cstack
 Tracked objects:
		On entry : 
		On exit  : 
		Unchanged: 
 Data sizes:     COMMON   BANK0   BANK1   BANK3   BANK2
      Params:         0       0       0       0       0
      Locals:         0       2       0       0       0
      Temps:          0       1       0       0       0
      Totals:         0       3       0       0       0
Total ram usage:        3 bytes
 Hardware stack levels used:    1
 Hardware stack levels required when called:    4
 This function calls:
		_getch
		_putch
 This function is called by:
		_CommandProcessor
 This function uses a non-reentrant model


 *************** function _putch *****************
 Defined at:
		line 9 in file "usart.c"
 Parameters:    Size  Location     Type
  byte            1    wreg     unsigned char 
 Auto vars:     Size  Location     Type
  byte            1    0[BANK0 ] unsigned char 
 Return value:  Size  Location     Type
                  1    wreg      void 
 Registers used:
		wreg
 Tracked objects:
		On entry : 
		On exit  : 
		Unchanged: 
 Data sizes:     COMMON   BANK0   BANK1   BANK3   BANK2
      Params:         0       0       0       0       0
      Locals:         0       1       0       0       0
      Temps:          0       0       0       0       0
      Totals:         0       1       0       0       0
Total ram usage:        1 bytes
 Hardware stack levels used:    1
 Hardware stack levels required when called:    3
 This function calls:
		Nothing
 This function is called by:
		_getstr
		_printf
		_getche
 This function uses a non-reentrant model


 *************** function _getch *****************
 Defined at:
		line 24 in file "usart.c"
 Parameters:    Size  Location     Type
		None
 Auto vars:     Size  Location     Type
  timedout        1    5[BANK0 ] unsigned char 
  returnCode      1    4[BANK0 ] unsigned char 
 Return value:  Size  Location     Type
                  1    wreg      unsigned char 
 Registers used:
		wreg, status,2, status,0
 Tracked objects:
		On entry : 
		On exit  : 
		Unchanged: 
 Data sizes:     COMMON   BANK0   BANK1   BANK3   BANK2
      Params:         0       0       0       0       0
      Locals:         0       4       0       0       0
      Temps:          0       2       0       0       0
      Totals:         0       6       0       0       0
Total ram usage:        6 bytes
 Hardware stack levels used:    1
 Hardware stack levels required when called:    3
 This function calls:
		Nothing
 This function is called by:
		_getstr
		_CommandProcessor
		_getche
 This function uses a non-reentrant model


 *************** function _interruptHandler *****************
 Defined at:
		line 34 in file "main.c"
 Parameters:    Size  Location     Type
		None
 Auto vars:     Size  Location     Type
		None
 Return value:  Size  Location     Type
                  1    wreg      void 
 Registers used:
		wreg, status,2, status,0, pclath, cstack
 Tracked objects:
		On entry : 
		On exit  : 
		Unchanged: 
 Data sizes:     COMMON   BANK0   BANK1   BANK3   BANK2
      Params:         0       0       0       0       0
      Locals:         0       0       0       0       0
      Temps:          4       0       0       0       0
      Totals:         4       0       0       0       0
Total ram usage:        4 bytes
 Hardware stack levels used:    1
 Hardware stack levels required when called:    2
 This function calls:
		_Serial_Int
		_Timer0_Int
 This function is called by:
		Interrupt level 1
 This function uses a non-reentrant model


 *************** function _Timer0_Int *****************
 Defined at:
		line 27 in file "main.c"
 Parameters:    Size  Location     Type
		None
 Auto vars:     Size  Location     Type
		None
 Return value:  Size  Location     Type
                  1    wreg      void 
 Registers used:
		wreg, status,2, status,0, pclath, cstack
 Tracked objects:
		On entry : 
		On exit  : 
		Unchanged: 
 Data sizes:     COMMON   BANK0   BANK1   BANK3   BANK2
      Params:         0       0       0       0       0
      Locals:         0       0       0       0       0
      Temps:          1       0       0       0       0
      Totals:         1       0       0       0       0
Total ram usage:        1 bytes
 Hardware stack levels used:    1
 Hardware stack levels required when called:    1
 This function calls:
		_adc_read
 This function is called by:
		_interruptHandler
 This function uses a non-reentrant model


 *************** function _adc_read *****************
 Defined at:
		line 13 in file "adc.c"
 Parameters:    Size  Location     Type
  channel         1    wreg     unsigned char 
 Auto vars:     Size  Location     Type
  channel         1    1[COMMON] unsigned char 
 Return value:  Size  Location     Type
                  1    wreg      unsigned char 
 Registers used:
		wreg, status,2, status,0
 Tracked objects:
		On entry : 
		On exit  : 
		Unchanged: 
 Data sizes:     COMMON   BANK0   BANK1   BANK3   BANK2
      Params:         0       0       0       0       0
      Locals:         1       0       0       0       0
      Temps:          1       0       0       0       0
      Totals:         2       0       0       0       0
Total ram usage:        2 bytes
 Hardware stack levels used:    1
 This function calls:
		Nothing
 This function is called by:
		_Timer0_Int
 This function uses a non-reentrant model


 *************** function _Serial_Int *****************
 Defined at:
		line 19 in file "main.c"
 Parameters:    Size  Location     Type
		None
 Auto vars:     Size  Location     Type
		None
 Return value:  Size  Location     Type
                  1    wreg      void 
 Registers used:
		wreg, status,2, status,0, pclath, cstack
 Tracked objects:
		On entry : 
		On exit  : 
		Unchanged: 
 Data sizes:     COMMON   BANK0   BANK1   BANK3   BANK2
      Params:         0       0       0       0       0
      Locals:         0       0       0       0       0
      Temps:          1       0       0       0       0
      Totals:         1       0       0       0       0
Total ram usage:        1 bytes
 Hardware stack levels used:    1
 Hardware stack levels required when called:    1
 This function calls:
		i1_getch
 This function is called by:
		_interruptHandler
 This function uses a non-reentrant model


 *************** function i1_getch *****************
 Defined at:
		line 24 in file "usart.c"
 Parameters:    Size  Location     Type
		None
 Auto vars:     Size  Location     Type
  getch           1    5[COMMON] unsigned char 
  getch           1    4[COMMON] unsigned char 
 Return value:  Size  Location     Type
                  1    wreg      unsigned char 
 Registers used:
		wreg, status,2, status,0
 Tracked objects:
		On entry : 
		On exit  : 
		Unchanged: 
 Data sizes:     COMMON   BANK0   BANK1   BANK3   BANK2
      Params:         0       0       0       0       0
      Locals:         4       0       0       0       0
      Temps:          2       0       0       0       0
      Totals:         6       0       0       0       0
Total ram usage:        6 bytes
 Hardware stack levels used:    1
 This function calls:
		Nothing
 This function is called by:
		_Serial_Int
 This function uses a non-reentrant model



MODULE INFORMATION

Module		Function		Class		Link	Load	Size
C:\Program Files (x86)\Microchip\xc8\v1.42\sources\common\lwdiv.c
		___lwdiv       		CODE           	03E2	0000	63

C:\Program Files (x86)\Microchip\xc8\v1.42\sources\common\lwdiv.c estimated size: 63

usart.c
		_putch         		CODE           	059E	0000	9
		_getstr        		CODE           	0420	0000	54
		_getch         		CODE           	04F6	0000	33

usart.c estimated size: 96

adc.c
		_init_adc      		CODE           	058A	0000	11
		_adc_read      		CODE           	055F	0000	21

adc.c estimated size: 32

shared
		__stringtab    		STRING         	0300	0000	17
		_dpowers       		STRING         	0310	0000	11
		i1_getch       		CODE           	0516	0000	33
		__initialization		CODE           	0015	0000	4

shared estimated size: 65

commands.c
		_CommandProcessor		CODE           	0121	0000	213

commands.c estimated size: 213

C:\Program Files (x86)\Microchip\xc8\v1.42\sources\common\lwmod.c
		___lwmod       		CODE           	0455	0000	53

C:\Program Files (x86)\Microchip\xc8\v1.42\sources\common\lwmod.c estimated size: 53

lcd.c
		_lcd_puts      		CODE           	04B0	0000	37
		_lcd_clear     		CODE           	054B	0000	21
		_lcd_goto      		CODE           	0594	0000	11
		_lcd_gotoxy    		CODE           	0536	0000	22
		_lcd_write     		CODE           	0489	0000	40
		_lcd_init      		CODE           	0380	0000	99

lcd.c estimated size: 230

C:\Program Files (x86)\Microchip\xc8\v1.42\sources\common\doprnt.c
		_printf        		CODE           	001C	0000	262

C:\Program Files (x86)\Microchip\xc8\v1.42\sources\common\doprnt.c estimated size: 262

main.c
		_Timer0_Int    		CODE           	057F	0000	12
		_Serial_Int    		CODE           	0573	0000	13
		_main          		CODE           	01F5	0000	160
		_interruptHandler		CODE           	04D4	0000	35

main.c estimated size: 220

